
> coffee-platform-v1-private@0.1.0 test
> npm run build && node --test tests/*.test.mjs


> coffee-platform-v1-private@0.1.0 build
> next build

⚠ No build cache found. Please configure build caching for faster rebuilds. Read more: https://nextjs.org/docs/messages/no-cache
Attention: Next.js now collects completely anonymous telemetry regarding usage.
This information is used to shape Next.js' roadmap and prioritize features.
You can learn more, including how to opt-out if you'd not like to participate in this anonymous program, by visiting the following URL:
https://nextjs.org/telemetry

▲ Next.js 16.2.6 (Turbopack)

  Creating an optimized production build ...

> Build error occurred
Error: Turbopack build failed with 1 errors:
./app/api/admin/architecture-conformance/route.ts:3:1
Module not found: Can't resolve '@/lib/platform-conformance'
  [90m1 |[0m ... { requireStaff } [36mfrom[0m [32m"@/lib/supabase-admin"[0m;
  [90m2 |[0m ... { mediaRpc } [36mfrom[0m [32m"@/lib/media-vault"[0m;
[31m[1m>[0m [90m3 |[0m ... { [33mPLATFORM_CONFORMANCE_REVISION[0m, platformConformanceRules } [36mfrom[0m [32m"@/lib/platform-confor...[0m
  [90m  |[0m    [31m[1m^^^^^^^^^^^^^^^^^^^^^^^^^^^^^^^^^^^^^^^^^^^^^^^^^^^^^^^^^^^^^^^^^^^^^^^^^^^^^^^^^^^^^^^^^^^[0m
  [90m4 |[0m ...
  [90m5 |[0m ...[33monformanceRow[0m = {
  [90m6 |[0m ..._code: string;

Import map: aliased to relative './lib/platform-conformance' inside of [project]/


https://nextjs.org/docs/messages/module-not-found


    at <unknown> (./app/api/admin/architecture-conformance/route.ts:3:1)
    at <unknown> (https://nextjs.org/docs/messages/module-not-found)
EXIT_CODE=1
